=== Suite started at 2026-09-18 13:54:46
=== Starting test, 7 test cases
=cases         7
=user          runner
=host          nohost
=hosts         nohost 
=emulator_vsn  17.1
=emulator      beam
=otp_release   29
=started       2026-09-18 13:54:46
=case          textgroup_SUITE:init_per_suite
=logfile       textgroup_suite.init_per_suite.html
=started       2026-09-18 13:54:46
=ended         2026-09-18 13:54:46
=result        ok
=elapsed       0.000007s
=case          textgroup_SUITE:start_server
=logfile       textgroup_suite.start_server.html
=started       2026-09-18 13:54:46
=ended         2026-09-18 13:54:46
=result        ok
=elapsed       0.006159s
=case          textgroup_SUITE:peers
=logfile       textgroup_suite.peers.html
=started       2026-09-18 13:54:46
=ended         2026-09-18 13:54:46
=result        ok
=elapsed       0.002787s
=case          textgroup_SUITE:stats
=logfile       textgroup_suite.stats.html
=started       2026-09-18 13:54:46
=ended         2026-09-18 13:54:46
=result        ok
=elapsed       0.002888s
=case          textgroup_SUITE:help
=logfile       textgroup_suite.help.html
=started       2026-09-18 13:54:46
=ended         2026-09-18 13:54:46
=result        ok
=elapsed       0.003153s
=case          textgroup_SUITE:get_state
=logfile       textgroup_suite.get_state.html
=started       2026-09-18 13:54:46
=ended         2026-09-18 13:54:58
=result        ok
=elapsed       11.979033s
=case          textgroup_SUITE:config_change
=logfile       textgroup_suite.config_change.html
=started       2026-09-18 13:54:58
=ended         2026-09-18 13:54:58
=result        ok
=elapsed       0.000033s
=case          textgroup_SUITE:stop_server
=logfile       textgroup_suite.stop_server.html
=started       2026-09-18 13:54:58
=ended         2026-09-18 13:55:01
=result        ok
=elapsed       2.979810s
=case          textgroup_SUITE:end_per_suite
=logfile       textgroup_suite.end_per_suite.html
=started       2026-09-18 13:55:01
=ended         2026-09-18 13:55:01
=result        ok
=elapsed       0.000000s
=group_time    15.161s
=== TEST COMPLETE, 7 ok, 0 failed of 7 test cases

=finished      2026-09-18 13:55:01
=failed        0
=successful    7
=user_skipped  0
=auto_skipped  0
=elapsed_time  15199899
