=== Suite started at 2026-09-18 18:11:08
=== Starting test, 7 test cases
=cases         7
=user          runner
=host          nohost
=hosts         nohost 
=emulator_vsn  17.1
=emulator      beam
=otp_release   29
=started       2026-09-18 18:11:08
=case          textgroup_SUITE:init_per_suite
=logfile       textgroup_suite.init_per_suite.html
=started       2026-09-18 18:11:08
=ended         2026-09-18 18:11:08
=result        ok
=elapsed       0.000007s
=case          textgroup_SUITE:start_server
=logfile       textgroup_suite.start_server.html
=started       2026-09-18 18:11:08
=ended         2026-09-18 18:11:08
=result        ok
=elapsed       0.007030s
=case          textgroup_SUITE:peers
=logfile       textgroup_suite.peers.html
=started       2026-09-18 18:11:08
=ended         2026-09-18 18:11:08
=result        ok
=elapsed       0.003048s
=case          textgroup_SUITE:stats
=logfile       textgroup_suite.stats.html
=started       2026-09-18 18:11:08
=ended         2026-09-18 18:11:08
=result        ok
=elapsed       0.002841s
=case          textgroup_SUITE:help
=logfile       textgroup_suite.help.html
=started       2026-09-18 18:11:08
=ended         2026-09-18 18:11:08
=result        ok
=elapsed       0.002986s
=case          textgroup_SUITE:get_state
=logfile       textgroup_suite.get_state.html
=started       2026-09-18 18:11:08
=ended         2026-09-18 18:11:20
=result        ok
=elapsed       11.979130s
=case          textgroup_SUITE:config_change
=logfile       textgroup_suite.config_change.html
=started       2026-09-18 18:11:20
=ended         2026-09-18 18:11:20
=result        ok
=elapsed       0.000044s
=case          textgroup_SUITE:stop_server
=logfile       textgroup_suite.stop_server.html
=started       2026-09-18 18:11:20
=ended         2026-09-18 18:11:23
=result        ok
=elapsed       2.979865s
=case          textgroup_SUITE:end_per_suite
=logfile       textgroup_suite.end_per_suite.html
=started       2026-09-18 18:11:23
=ended         2026-09-18 18:11:23
=result        ok
=elapsed       0.000000s
=group_time    15.163s
=== TEST COMPLETE, 7 ok, 0 failed of 7 test cases

=finished      2026-09-18 18:11:23
=failed        0
=successful    7
=user_skipped  0
=auto_skipped  0
=elapsed_time  15197963
