=== Suite started at 2026-03-08 17:47:06
=== Starting test, 7 test cases
=cases         7
=user          runner
=host          nohost
=hosts         nohost 
=emulator_vsn  16.3
=emulator      beam
=otp_release   28
=started       2026-03-08 17:47:06
=case          textgroup_SUITE:init_per_suite
=logfile       textgroup_suite.init_per_suite.html
=started       2026-03-08 17:47:06
=ended         2026-03-08 17:47:06
=result        ok
=elapsed       0.000006s
=case          textgroup_SUITE:start_server
=logfile       textgroup_suite.start_server.html
=started       2026-03-08 17:47:06
=ended         2026-03-08 17:47:06
=result        ok
=elapsed       0.007392s
=case          textgroup_SUITE:peers
=logfile       textgroup_suite.peers.html
=started       2026-03-08 17:47:06
=ended         2026-03-08 17:47:06
=result        ok
=elapsed       0.003318s
=case          textgroup_SUITE:stats
=logfile       textgroup_suite.stats.html
=started       2026-03-08 17:47:06
=ended         2026-03-08 17:47:06
=result        ok
=elapsed       0.003148s
=case          textgroup_SUITE:help
=logfile       textgroup_suite.help.html
=started       2026-03-08 17:47:06
=ended         2026-03-08 17:47:06
=result        ok
=elapsed       0.003222s
=case          textgroup_SUITE:get_state
=logfile       textgroup_suite.get_state.html
=started       2026-03-08 17:47:06
=ended         2026-03-08 17:47:18
=result        ok
=elapsed       11.978142s
=case          textgroup_SUITE:config_change
=logfile       textgroup_suite.config_change.html
=started       2026-03-08 17:47:18
=ended         2026-03-08 17:47:18
=result        ok
=elapsed       0.000048s
=case          textgroup_SUITE:stop_server
=logfile       textgroup_suite.stop_server.html
=started       2026-03-08 17:47:18
=ended         2026-03-08 17:47:21
=result        ok
=elapsed       2.979711s
=case          textgroup_SUITE:end_per_suite
=logfile       textgroup_suite.end_per_suite.html
=started       2026-03-08 17:47:21
=ended         2026-03-08 17:47:21
=result        ok
=elapsed       0.000000s
=group_time    15.160s
=== TEST COMPLETE, 7 ok, 0 failed of 7 test cases

=finished      2026-03-08 17:47:21
=failed        0
=successful    7
=user_skipped  0
=auto_skipped  0
=elapsed_time  15195859
