=== Suite started at 2026-09-18 13:34:30
=== Starting test, 7 test cases
=cases         7
=user          runner
=host          nohost
=hosts         nohost 
=emulator_vsn  17.1
=emulator      beam
=otp_release   29
=started       2026-09-18 13:34:30
=case          textgroup_SUITE:init_per_suite
=logfile       textgroup_suite.init_per_suite.html
=started       2026-09-18 13:34:30
=ended         2026-09-18 13:34:30
=result        ok
=elapsed       0.000005s
=case          textgroup_SUITE:start_server
=logfile       textgroup_suite.start_server.html
=started       2026-09-18 13:34:30
=ended         2026-09-18 13:34:30
=result        ok
=elapsed       0.008553s
=case          textgroup_SUITE:peers
=logfile       textgroup_suite.peers.html
=started       2026-09-18 13:34:30
=ended         2026-09-18 13:34:30
=result        ok
=elapsed       0.003184s
=case          textgroup_SUITE:stats
=logfile       textgroup_suite.stats.html
=started       2026-09-18 13:34:30
=ended         2026-09-18 13:34:30
=result        ok
=elapsed       0.003365s
=case          textgroup_SUITE:help
=logfile       textgroup_suite.help.html
=started       2026-09-18 13:34:30
=ended         2026-09-18 13:34:30
=result        ok
=elapsed       0.003493s
=case          textgroup_SUITE:get_state
=logfile       textgroup_suite.get_state.html
=started       2026-09-18 13:34:30
=ended         2026-09-18 13:34:42
=result        ok
=elapsed       11.978114s
=case          textgroup_SUITE:config_change
=logfile       textgroup_suite.config_change.html
=started       2026-09-18 13:34:42
=ended         2026-09-18 13:34:42
=result        ok
=elapsed       0.000027s
=case          textgroup_SUITE:stop_server
=logfile       textgroup_suite.stop_server.html
=started       2026-09-18 13:34:42
=ended         2026-09-18 13:34:45
=result        ok
=elapsed       2.980009s
=case          textgroup_SUITE:end_per_suite
=logfile       textgroup_suite.end_per_suite.html
=started       2026-09-18 13:34:45
=ended         2026-09-18 13:34:45
=result        ok
=elapsed       0.000000s
=group_time    15.161s
=== TEST COMPLETE, 7 ok, 0 failed of 7 test cases

=finished      2026-09-18 13:34:45
=failed        0
=successful    7
=user_skipped  0
=auto_skipped  0
=elapsed_time  15199862
