=== Suite started at 2026-09-18 13:52:38
=== Starting test, 7 test cases
=cases         7
=user          runner
=host          nohost
=hosts         nohost 
=emulator_vsn  17.1
=emulator      beam
=otp_release   29
=started       2026-09-18 13:52:38
=case          textgroup_SUITE:init_per_suite
=logfile       textgroup_suite.init_per_suite.html
=started       2026-09-18 13:52:38
=ended         2026-09-18 13:52:38
=result        ok
=elapsed       0.000005s
=case          textgroup_SUITE:start_server
=logfile       textgroup_suite.start_server.html
=started       2026-09-18 13:52:38
=ended         2026-09-18 13:52:38
=result        ok
=elapsed       0.007267s
=case          textgroup_SUITE:peers
=logfile       textgroup_suite.peers.html
=started       2026-09-18 13:52:38
=ended         2026-09-18 13:52:38
=result        ok
=elapsed       0.003534s
=case          textgroup_SUITE:stats
=logfile       textgroup_suite.stats.html
=started       2026-09-18 13:52:38
=ended         2026-09-18 13:52:38
=result        ok
=elapsed       0.003292s
=case          textgroup_SUITE:help
=logfile       textgroup_suite.help.html
=started       2026-09-18 13:52:38
=ended         2026-09-18 13:52:38
=result        ok
=elapsed       0.003807s
=case          textgroup_SUITE:get_state
=logfile       textgroup_suite.get_state.html
=started       2026-09-18 13:52:38
=ended         2026-09-18 13:52:50
=result        ok
=elapsed       11.976888s
=case          textgroup_SUITE:config_change
=logfile       textgroup_suite.config_change.html
=started       2026-09-18 13:52:50
=ended         2026-09-18 13:52:50
=result        ok
=elapsed       0.000029s
=case          textgroup_SUITE:stop_server
=logfile       textgroup_suite.stop_server.html
=started       2026-09-18 13:52:50
=ended         2026-09-18 13:52:53
=result        ok
=elapsed       2.980037s
=case          textgroup_SUITE:end_per_suite
=logfile       textgroup_suite.end_per_suite.html
=started       2026-09-18 13:52:53
=ended         2026-09-18 13:52:53
=result        ok
=elapsed       0.000000s
=group_time    15.164s
=== TEST COMPLETE, 7 ok, 0 failed of 7 test cases

=finished      2026-09-18 13:52:53
=failed        0
=successful    7
=user_skipped  0
=auto_skipped  0
=elapsed_time  15199998
